// Jest Snapshot v1, https://goo.gl/fbAQLP

exports[`Root page matches snapshot 1`] = `
<div>
  <h2>
    Root
  </h2>
  <button
    className="p-2"
    onClick={[Function]}
  >
    Click me!
  </button>
</div>
`;